Watching for changes in /home/sam/SCM/github/im-kenough.github.io/archetypes, /home/sam/SCM/github/im-kenough.github.io/assets/img, /home/sam/SCM/github/im-kenough.github.io/content, /home/sam/SCM/github/im-kenough.github.io/layouts/{_default,partials}, /home/sam/SCM/github/im-kenough.github.io/static, /home/sam/SCM/github/im-kenough.github.io/themes/blowfish/archetypes, /home/sam/SCM/github/im-kenough.github.io/themes/blowfish/assets/{css,icons,img,js,lib}, /home/sam/SCM/github/im-kenough.github.io/themes/blowfish/data, /home/sam/SCM/github/im-kenough.github.io/themes/blowfish/i18n, /home/sam/SCM/github/im-kenough.github.io/themes/blowfish/layouts/{_default,partials,shortcodes}, ... and 3 more
Watching for config changes in /home/sam/SCM/github/im-kenough.github.io/config/_default, /home/sam/SCM/github/im-kenough.github.io/themes/blowfish/config.toml, /home/sam/SCM/github/im-kenough.github.io/themes/blowfish/config/_default
Start building sites … 
hugo v0.163.3-4d22555aebf458d5d150500c9ac4bee5b24cf0d3+extended linux/amd64 BuildDate=2026-06-18T16:18:24Z VendorInfo=snap:0.163.3


                  │ EN 
──────────────────┼────
 Pages            │  8 
 Paginator pages  │  0 
 Non-page files   │  0 
 Static files     │  7 
 Processed images │  2 
 Aliases          │  0 
 Cleaned          │  0 

Built in 41 ms
Environment: "development"
Serving pages from disk
Web Server is available at http://localhost:1416/ (bind address 127.0.0.1) 
Press Ctrl+C to stop

Change detected, rebuilding site (#1).
2026-07-05 18:11:24.922 -0400
Template changed /partials/head.html
ERROR Rebuild failed: render: [en v1.0.0 guest] failed to render pages: render of "/home/sam/SCM/github/im-kenough.github.io/content/_index.md" failed: "/home/sam/SCM/github/im-kenough.github.io/layouts/_default/baseof.html:8:4": execute of template failed at <partial "head.html" .>: error calling partial: "/home/sam/SCM/github/im-kenough.github.io/layouts/partials/head.html:54:60": execute of template failed at <$bundleCSS.RelPermalink>: error calling RelPermalink: open /home/sam/SCM/github/im-kenough.github.io/public/css/main.bundle.min.0ec228189cbd3fd77fac41d6ac1e00e01c6b6fed1ff9d5291cddf819379b3a50e91addecabc4b695653cc1b25426ecb2a3dbd07b69b62bbd1afb3bb018a79a27.css: file name too long
Web Server is available at http://localhost:1416/ (bind address 127.0.0.1)
Total in 63 ms
